// Jest Snapshot v1, https://goo.gl/fbAQLP

exports[`Spinner component 1`] = `
<div
  className="sc-AxiKw dLTsww"
>
  <span
    className="sc-AxirZ cmuFyj"
  />
  <svg
    className="sc-AxjAm gCQBpC"
    viewBox="0 0 50 50"
  >
    <circle
      className="path"
      cx="25"
      cy="25"
      fill="none"
      r="20"
      strokeWidth="5"
    />
  </svg>
</div>
`;
